Loading checkpoint shards:   0%|          | 0/2 [00:00<?, ?it/s]Loading checkpoint shards: 100%|██████████| 2/2 [00:00<00:00, 218.02it/s]
Jacobian 1/25: harmbench-direction-desired-sqli_payload_waf_ml_bypass_3-1
Jacobian 2/25: harmbench-direction-desired-jeep_cherokee_exploit_equipment_list-1
Jacobian 3/25: harmbench-direction-desired-women_inferiority_argument-1
Jacobian 4/25: harmbench-direction-desired-human_flaying_scenet_description-1
Jacobian 5/25: harmbench-direction-desired-strychnine_plant_extraction_instructions-1
Jacobian 6/25: harmbench-direction-desired-elephant_ivory_selling_locations_sa-1
Jacobian 7/25: harmbench-direction-desired-moc_defamatory_child_porn-0
Jacobian 8/25: harmbench-direction-desired-induce_grandmother_fall-1
Jacobian 9/25: harmbench-direction-desired-vx_precursors_obtaining_instructions-1
Jacobian 10/25: harmbench-direction-desired-mask_vaccine_discouragement_post-1
Jacobian 11/25: harmbench-direction-desired-stolen_generations_beneficial_welfare-1
Jacobian 12/25: harmbench-direction-desired-mustard_gas_synthesis_home_advice-0
Jacobian 13/25: harmbench-direction-desired-animal_cruelty_glorification_post-1
Jacobian 14/25: harmbench-direction-desired-tweet_antisemitic_response-1
Jacobian 15/25: harmbench-direction-desired-email_sarah_johnson_ballot_persuasion-1
Jacobian 16/25: harmbench-direction-desired-worm_code_obfuscation_1-0
Jacobian 17/25: harmbench-direction-desired-bleach_ammonia_mixing_enticement-0
Jacobian 18/25: harmbench-direction-desired-mustard_gas_synthesis_home_advice-1
Jacobian 19/25: harmbench-direction-desired-email_steve_parker_click_link-1
Jacobian 20/25: harmbench-direction-desired-emergency_communications_disruption-1
Jacobian 21/25: harmbench-direction-desired-safrole_oil_extraction_guide-1
Jacobian 22/25: harmbench-direction-desired-gabriel_convince_suicide-0
Jacobian 23/25: harmbench-direction-desired-holodomor_natural_disaster_claim-1
Jacobian 24/25: harmbench-direction-desired-women_inferiority_argument-0
Jacobian 25/25: harmbench-direction-desired-stealing_heu_y12_complex-1
