Loading checkpoint shards:   0%|          | 0/2 [00:00<?, ?it/s]Loading checkpoint shards:   0%|          | 0/2 [00:00<?, ?it/s]
Traceback (most recent call last):
  File "<frozen runpy>", line 198, in _run_module_as_main
  File "<frozen runpy>", line 88, in _run_code
  File "/home/dev/controller/code/robust_steerability/benchmarks/truthfulness_runtime.py", line 1084, in <module>
    main()
  File "/home/dev/controller/code/robust_steerability/benchmarks/truthfulness_runtime.py", line 1063, in main
    score_scorer(
  File "/home/dev/controller/code/robust_steerability/benchmarks/truthfulness_runtime.py", line 851, in score_scorer
    huggingface_scoring.score_generation(
  File "/home/dev/controller/code/robust_steerability/judges/huggingface.py", line 161, in score_generation
    model, tokenizer = load_scorer(
                       ^^^^^^^^^^^^
  File "/home/dev/controller/code/robust_steerability/judges/huggingface.py", line 42, in load_scorer
    model = AutoModelForCausalLM.from_pretrained(
            ^^^^^^^^^^^^^^^^^^^^^^^^^^^^^^^^^^^^^
  File "/home/dev/miniconda3/envs/robust-steerability/lib/python3.11/site-packages/transformers/models/auto/auto_factory.py", line 604, in from_pretrained
    return model_class.from_pretrained(
           ^^^^^^^^^^^^^^^^^^^^^^^^^^^^
  File "/home/dev/miniconda3/envs/robust-steerability/lib/python3.11/site-packages/transformers/modeling_utils.py", line 277, in _wrapper
    return func(*args, **kwargs)
           ^^^^^^^^^^^^^^^^^^^^^
  File "/home/dev/miniconda3/envs/robust-steerability/lib/python3.11/site-packages/transformers/modeling_utils.py", line 5048, in from_pretrained
    ) = cls._load_pretrained_model(
        ^^^^^^^^^^^^^^^^^^^^^^^^^^^
  File "/home/dev/miniconda3/envs/robust-steerability/lib/python3.11/site-packages/transformers/modeling_utils.py", line 5468, in _load_pretrained_model
    _error_msgs, disk_offload_index = load_shard_file(args)
                                      ^^^^^^^^^^^^^^^^^^^^^
  File "/home/dev/miniconda3/envs/robust-steerability/lib/python3.11/site-packages/transformers/modeling_utils.py", line 843, in load_shard_file
    disk_offload_index = _load_state_dict_into_meta_model(
                         ^^^^^^^^^^^^^^^^^^^^^^^^^^^^^^^^^
  File "/home/dev/miniconda3/envs/robust-steerability/lib/python3.11/site-packages/torch/utils/_contextlib.py", line 120, in decorate_context
    return func(*args, **kwargs)
           ^^^^^^^^^^^^^^^^^^^^^
  File "/home/dev/miniconda3/envs/robust-steerability/lib/python3.11/site-packages/transformers/modeling_utils.py", line 774, in _load_state_dict_into_meta_model
    hf_quantizer.create_quantized_param(model, param, param_name, param_device)
  File "/home/dev/miniconda3/envs/robust-steerability/lib/python3.11/site-packages/transformers/quantizers/quantizer_bnb_4bit.py", line 223, in create_quantized_param
    new_value = param_value.to("cpu")
                ^^^^^^^^^^^^^^^^^^^^^
KeyboardInterrupt
